[cloudera@quickstart ~]$ export LIB_PATH=/usr/lib/hadoop
[cloudera@quickstart ~]$ cd word_count_job/
[cloudera@quickstart word_count_job]$ cd ..
[cloudera@quickstart ~]$ export JARS=$LIB_PATH/client-0.20/hadoop-core.jar:$LIB_PATH/lib/commons-cli-1.2.jar:$LIB_PATH/client/hadoop-common.jar:$LIB_PATH/hadoop.annotations-2.6.0-cdh5.4.2.jar
[cloudera@quickstart ~]$ cd word_count_job/
[cloudera@quickstart word_count_job]$ javac -classpath $JARS wordcount_classes/WordCount.java
/usr/lib/hadoop/client/hadoop-common.jar(org/apache/hadoop/fs/Path.class): warning: Cannot find annotation method 'value()' in type 'LimitedPrivate': class file for org.apache.hadoop.classification.InterfaceAudience not found
1 warning
[cloudera@quickstart word_count_job]$ ^C
[cloudera@quickstart word_count_job]$ cd ..
[cloudera@quickstart ~]$ export JARS=$LIB_PATH/client-0.20/hadoop-core.jar:$LIB_PATH/lib/commons-cli-1.2.jar:$LIB_PATH/client/hadoop-common.jar:$LIB_PATH/hadoop.annotations-2.6.0-cdh5.4.2.jar
[cloudera@quickstart ~]$ cd word_count_job
[cloudera@quickstart word_count_job]$ javac -classpath $JARS wordcount_classes/WordCount.java
/usr/lib/hadoop/client/hadoop-common.jar(org/apache/hadoop/fs/Path.class): warning: Cannot find annotation method 'value()' in type 'LimitedPrivate': class file for org.apache.hadoop.classification.InterfaceAudience not found
1 warning
[cloudera@quickstart word_count_job]$ ls
wordcount_classes  wordcount.jar
[cloudera@quickstart word_count_job]$ jar -cvf wordcount.jar -C wordcount_classes/ .
added manifest
adding: WordCount$MapForWordCount.class(in = 1788) (out= 750)(deflated 58%)
adding: WordCount.java(in = 2051) (out= 695)(deflated 66%)
adding: WordCount$ReduceForWordCount.class(in = 1651) (out= 689)(deflated 58%)
adding: WordCount.class(in = 1687) (out= 895)(deflated 46%)
[cloudera@quickstart word_count_job]$ hadoop jar wordcount.jar WordCount /user/cloudera/input /user/cloudera/output
23/04/29 12:36:56 INFO client.RMProxy: Connecting to ResourceManager at /0.0.0.0:8032
23/04/29 12:36:57 WARN security.UserGroupInformation: PriviledgedActionException as:cloudera (auth:SIMPLE) cause:org.apache.hadoop.mapred.FileAlreadyExistsException: Output directory hdfs://quickstart.cloudera:8020/user/cloudera/output already exists
Exception in thread "main" org.apache.hadoop.mapred.FileAlreadyExistsException: Output directory hdfs://quickstart.cloudera:8020/user/cloudera/output already exists
	at org.apache.hadoop.mapreduce.lib.output.FileOutputFormat.checkOutputSpecs(FileOutputFormat.java:146)
	at org.apache.hadoop.mapreduce.JobSubmitter.checkSpecs(JobSubmitter.java:562)
	at org.apache.hadoop.mapreduce.JobSubmitter.submitJobInternal(JobSubmitter.java:432)
	at org.apache.hadoop.mapreduce.Job$10.run(Job.java:1306)
	at org.apache.hadoop.mapreduce.Job$10.run(Job.java:1303)
	at java.security.AccessController.doPrivileged(Native Method)
	at javax.security.auth.Subject.doAs(Subject.java:415)
	at org.apache.hadoop.security.UserGroupInformation.doAs(UserGroupInformation.java:1671)
	at org.apache.hadoop.mapreduce.Job.submit(Job.java:1303)
	at org.apache.hadoop.mapreduce.Job.waitForCompletion(Job.java:1324)
	at WordCount.main(WordCount.java:59)
	at sun.reflect.NativeMethodAccessorImpl.invoke0(Native Method)
	at sun.reflect.NativeMethodAccessorImpl.invoke(NativeMethodAccessorImpl.java:57)
	at sun.reflect.DelegatingMethodAccessorImpl.invoke(DelegatingMethodAccessorImpl.java:43)
	at java.lang.reflect.Method.invoke(Method.java:606)
	at org.apache.hadoop.util.RunJar.run(RunJar.java:221)
	at org.apache.hadoop.util.RunJar.main(RunJar.java:136)
[cloudera@quickstart word_count_job]$ ^C
[cloudera@quickstart word_count_job]$ hadoop jar WordCount wordcount.jar /user/cloudera/input /user/cloudera/output
Not a valid JAR: /home/cloudera/word_count_job/WordCount
[cloudera@quickstart word_count_job]$ cd ..
[cloudera@quickstart ~]$ pwd
/home/cloudera
[cloudera@quickstart ~]$ hdfs dfs -mkdir /inputfolder1
[cloudera@quickstart ~]$ hdfs dfs -put /home/cloudera/sample_input.txt /inputfolder1
[cloudera@quickstart ~]$ hdfs dfs -cat /inputfolder1/sample_input.txt
what do you mean by object
what do you know about Java
what is Java Virtual Machine
How Java enabled High Performance
[cloudera@quickstart ~]$ hadoop jar /home/cloudera/word_count_job/wordcount.jar WordCount /inputfolder1/sample_input.txt /out1
23/04/29 13:09:52 INFO client.RMProxy: Connecting to ResourceManager at /0.0.0.0:8032
23/04/29 13:09:56 INFO input.FileInputFormat: Total input paths to process : 1
23/04/29 13:09:56 INFO mapreduce.JobSubmitter: number of splits:1
23/04/29 13:09:57 INFO mapreduce.JobSubmitter: Submitting tokens for job: job_1682794566900_0001
23/04/29 13:09:59 INFO impl.YarnClientImpl: Submitted application application_1682794566900_0001
23/04/29 13:09:59 INFO mapreduce.Job: The url to track the job: http://quickstart.cloudera:8088/proxy/application_1682794566900_0001/
23/04/29 13:09:59 INFO mapreduce.Job: Running job: job_1682794566900_0001
23/04/29 13:10:45 INFO mapreduce.Job: Job job_1682794566900_0001 running in uber mode : false
23/04/29 13:10:45 INFO mapreduce.Job:  map 0% reduce 0%
23/04/29 13:11:09 INFO mapreduce.Job:  map 100% reduce 0%
23/04/29 13:11:36 INFO mapreduce.Job:  map 100% reduce 100%
23/04/29 13:11:38 INFO mapreduce.Job: Job job_1682794566900_0001 completed successfully
23/04/29 13:11:39 INFO mapreduce.Job: Counters: 49
	File System Counters
		FILE: Number of bytes read=256
		FILE: Number of bytes written=221123
		FILE: Number of read operations=0
		FILE: Number of large read operations=0
		FILE: Number of write operations=0
		HDFS: Number of bytes read=244
		HDFS: Number of bytes written=123
		HDFS: Number of read operations=6
		HDFS: Number of large read operations=0
		HDFS: Number of write operations=2
	Job Counters 
		Launched map tasks=1
		Launched reduce tasks=1
		Data-local map tasks=1
		Total time spent by all maps in occupied slots (ms)=21525
		Total time spent by all reduces in occupied slots (ms)=23118
		Total time spent by all map tasks (ms)=21525
		Total time spent by all reduce tasks (ms)=23118
		Total vcore-seconds taken by all map tasks=21525
		Total vcore-seconds taken by all reduce tasks=23118
		Total megabyte-seconds taken by all map tasks=22041600
		Total megabyte-seconds taken by all reduce tasks=23672832
	Map-Reduce Framework
		Map input records=4
		Map output records=22
		Map output bytes=206
		Map output materialized bytes=256
		Input split bytes=126
		Combine input records=0
		Combine output records=0
		Reduce input groups=16
		Reduce shuffle bytes=256
		Reduce input records=22
		Reduce output records=16
		Spilled Records=44
		Shuffled Maps =1
		Failed Shuffles=0
		Merged Map outputs=1
		GC time elapsed (ms)=543
		CPU time spent (ms)=4580
		Physical memory (bytes) snapshot=351518720
		Virtual memory (bytes) snapshot=3007508480
		Total committed heap usage (bytes)=226562048
	Shuffle Errors
		BAD_ID=0
		CONNECTION=0
		IO_ERROR=0
		WRONG_LENGTH=0
		WRONG_MAP=0
		WRONG_REDUCE=0
	File Input Format Counters 
		Bytes Read=118
	File Output Format Counters 
		Bytes Written=123
[cloudera@quickstart ~]$ hdf dfs -ls /out1
bash: hdf: command not found
[cloudera@quickstart ~]$ hdfs dfs -ls /home/cloudera/out1
ls: `/home/cloudera/out1': No such file or directory
[cloudera@quickstart ~]$ hdfs dfs -ls /out1
Found 2 items
-rw-r--r--   1 cloudera supergroup          0 2023-04-29 13:11 /out1/_SUCCESS
-rw-r--r--   1 cloudera supergroup        123 2023-04-29 13:11 /out1/part-r-00000
[cloudera@quickstart ~]$ hdf dfs -cat /out1/part-r-00000
bash: hdf: command not found
[cloudera@quickstart ~]$ hdfs dfs -cat /out1/part-r-00000
ABOUT	1
BY	1
DO	2
ENABLED	1
HIGH	1
HOW	1
IS	1
JAVA	3
KNOW	1
MACHINE	1
MEAN	1
OBJECT	1
PERFORMANCE	1
VIRTUAL	1
WHAT	3
YOU	2
[cloudera@quickstart ~]$ 
